resolver/less/import-syntax/main.less
resolver/less/import-syntax/double_quote.less
resolver/less/import-syntax/single_quote.less
resolver/less/import-syntax/relative.less
resolver/less/relative.less
resolver/less/import-syntax/options.less
resolver/less/import-syntax/print.css
resolver/less/import-syntax/print-tv.css
resolver/less/import-syntax/base.css
resolver/less/import-syntax/non-url.css
resolver/less/import-syntax/media-print.css
resolver/less/import-syntax/media-print-extra.css
