resolver/js/require-syntax/main.js
resolver/js/require-syntax/single_quote.js
resolver/js/require-syntax/double_quote.js
node_modules/module_index/index.js
node_modules/module_package/main.js
node_modules/module_package_dir/src/index.js
resolver/js/require-syntax/relative.js
resolver/js/relative.js
node_modules/module_package/subpackage/main.js
