resolver/ts/import-syntax/main.ts
resolver/ts/import-syntax/Import.ts
resolver/ts/import-syntax/DoubleQuote.ts
resolver/ts/import-syntax/SingleQuote.ts
resolver/ts/import-syntax/Simple.ts
resolver/ts/import-syntax/Alias.ts
resolver/ts/import-syntax/All.ts
resolver/ts/import-syntax/Multiple.ts
resolver/ts/import-syntax/module.js
node_modules/module_index/index.js
node_modules/module_package/main.js
node_modules/module_package_dir/src/index.js
node_modules/jquery/jquery.js
